Archive member included to satisfy reference by file (symbol)

d:/app/stm32cubeide_1.7.0/stm32cubeide/plugins/com.st.stm32cube.ide.mcu.externaltools.gnu-tools-for-stm32.9-2020-q2-update.win32_2.0.0.202105311346/tools/bin/../lib/gcc/arm-none-eabi/9.3.1/../../../../arm-none-eabi/lib/thumb/v7-m/nofp\libc_nano.a(lib_a-errno.o)
                              ./Core/Src/syscalls.o (__errno)
d:/app/stm32cubeide_1.7.0/stm32cubeide/plugins/com.st.stm32cube.ide.mcu.externaltools.gnu-tools-for-stm32.9-2020-q2-update.win32_2.0.0.202105311346/tools/bin/../lib/gcc/arm-none-eabi/9.3.1/../../../../arm-none-eabi/lib/thumb/v7-m/nofp\libc_nano.a(lib_a-exit.o)
                              d:/app/stm32cubeide_1.7.0/stm32cubeide/plugins/com.st.stm32cube.ide.mcu.externaltools.gnu-tools-for-stm32.9-2020-q2-update.win32_2.0.0.202105311346/tools/bin/../lib/gcc/arm-none-eabi/9.3.1/../../../../arm-none-eabi/lib/thumb/v7-m/nofp/crt0.o (exit)
d:/app/stm32cubeide_1.7.0/stm32cubeide/plugins/com.st.stm32cube.ide.mcu.externaltools.gnu-tools-for-stm32.9-2020-q2-update.win32_2.0.0.202105311346/tools/bin/../lib/gcc/arm-none-eabi/9.3.1/../../../../arm-none-eabi/lib/thumb/v7-m/nofp\libc_nano.a(lib_a-impure.o)
                              d:/app/stm32cubeide_1.7.0/stm32cubeide/plugins/com.st.stm32cube.ide.mcu.externaltools.gnu-tools-for-stm32.9-2020-q2-update.win32_2.0.0.202105311346/tools/bin/../lib/gcc/arm-none-eabi/9.3.1/../../../../arm-none-eabi/lib/thumb/v7-m/nofp\libc_nano.a(lib_a-exit.o) (_global_impure_ptr)
d:/app/stm32cubeide_1.7.0/stm32cubeide/plugins/com.st.stm32cube.ide.mcu.externaltools.gnu-tools-for-stm32.9-2020-q2-update.win32_2.0.0.202105311346/tools/bin/../lib/gcc/arm-none-eabi/9.3.1/../../../../arm-none-eabi/lib/thumb/v7-m/nofp\libc_nano.a(lib_a-init.o)
                              d:/app/stm32cubeide_1.7.0/stm32cubeide/plugins/com.st.stm32cube.ide.mcu.externaltools.gnu-tools-for-stm32.9-2020-q2-update.win32_2.0.0.202105311346/tools/bin/../lib/gcc/arm-none-eabi/9.3.1/../../../../arm-none-eabi/lib/thumb/v7-m/nofp/crt0.o (__libc_init_array)
d:/app/stm32cubeide_1.7.0/stm32cubeide/plugins/com.st.stm32cube.ide.mcu.externaltools.gnu-tools-for-stm32.9-2020-q2-update.win32_2.0.0.202105311346/tools/bin/../lib/gcc/arm-none-eabi/9.3.1/../../../../arm-none-eabi/lib/thumb/v7-m/nofp\libc_nano.a(lib_a-memset.o)
                              d:/app/stm32cubeide_1.7.0/stm32cubeide/plugins/com.st.stm32cube.ide.mcu.externaltools.gnu-tools-for-stm32.9-2020-q2-update.win32_2.0.0.202105311346/tools/bin/../lib/gcc/arm-none-eabi/9.3.1/../../../../arm-none-eabi/lib/thumb/v7-m/nofp/crt0.o (memset)

Allocating common symbols
Common symbol       size              file

hi2c2               0x54              ./Core/Src/main.o
uwTick              0x4               ./Drivers/STM32F1xx_HAL_Driver/Src/stm32f1xx_hal.o
pFlash              0x20              ./Drivers/STM32F1xx_HAL_Driver/Src/stm32f1xx_hal_flash.o
huart2              0x48              ./Core/Src/main.o

Discarded input sections

 .text          0x0000000000000000        0x0 d:/app/stm32cubeide_1.7.0/stm32cubeide/plugins/com.st.stm32cube.ide.mcu.externaltools.gnu-tools-for-stm32.9-2020-q2-update.win32_2.0.0.202105311346/tools/bin/../lib/gcc/arm-none-eabi/9.3.1/thumb/v7-m/nofp/crti.o
 .data          0x0000000000000000        0x0 d:/app/stm32cubeide_1.7.0/stm32cubeide/plugins/com.st.stm32cube.ide.mcu.externaltools.gnu-tools-for-stm32.9-2020-q2-update.win32_2.0.0.202105311346/tools/bin/../lib/gcc/arm-none-eabi/9.3.1/thumb/v7-m/nofp/crti.o
 .bss           0x0000000000000000        0x0 d:/app/stm32cubeide_1.7.0/stm32cubeide/plugins/com.st.stm32cube.ide.mcu.externaltools.gnu-tools-for-stm32.9-2020-q2-update.win32_2.0.0.202105311346/tools/bin/../lib/gcc/arm-none-eabi/9.3.1/thumb/v7-m/nofp/crti.o
 .data          0x0000000000000000        0x4 d:/app/stm32cubeide_1.7.0/stm32cubeide/plugins/com.st.stm32cube.ide.mcu.externaltools.gnu-tools-for-stm32.9-2020-q2-update.win32_2.0.0.202105311346/tools/bin/../lib/gcc/arm-none-eabi/9.3.1/thumb/v7-m/nofp/crtbegin.o
 .text          0x0000000000000000       0x7c d:/app/stm32cubeide_1.7.0/stm32cubeide/plugins/com.st.stm32cube.ide.mcu.externaltools.gnu-tools-for-stm32.9-2020-q2-update.win32_2.0.0.202105311346/tools/bin/../lib/gcc/arm-none-eabi/9.3.1/../../../../arm-none-eabi/lib/thumb/v7-m/nofp/crt0.o
 .data          0x0000000000000000        0x0 d:/app/stm32cubeide_1.7.0/stm32cubeide/plugins/com.st.stm32cube.ide.mcu.externaltools.gnu-tools-for-stm32.9-2020-q2-update.win32_2.0.0.202105311346/tools/bin/../lib/gcc/arm-none-eabi/9.3.1/../../../../arm-none-eabi/lib/thumb/v7-m/nofp/crt0.o
 .bss           0x0000000000000000        0x0 d:/app/stm32cubeide_1.7.0/stm32cubeide/plugins/com.st.stm32cube.ide.mcu.externaltools.gnu-tools-for-stm32.9-2020-q2-update.win32_2.0.0.202105311346/tools/bin/../lib/gcc/arm-none-eabi/9.3.1/../../../../arm-none-eabi/lib/thumb/v7-m/nofp/crt0.o
[...]
Memory Configuration

Name             Origin             Length             Attributes
RAM              0x0000000020000000 0x0000000000005000 xrw
FLASH            0x0000000008000000 0x0000000000020000 xr
*default*        0x0000000000000000 0xffffffffffffffff

Linker script and memory map

LOAD d:/app/stm32cubeide_1.7.0/stm32cubeide/plugins/com.st.stm32cube.ide.mcu.externaltools.gnu-tools-for-stm32.9-2020-q2-update.win32_2.0.0.202105311346/tools/bin/../lib/gcc/arm-none-eabi/9.3.1/thumb/v7-m/nofp/crti.o
LOAD d:/app/stm32cubeide_1.7.0/stm32cubeide/plugins/com.st.stm32cube.ide.mcu.externaltools.gnu-tools-for-stm32.9-2020-q2-update.win32_2.0.0.202105311346/tools/bin/../lib/gcc/arm-none-eabi/9.3.1/thumb/v7-m/nofp/crtbegin.o
LOAD d:/app/stm32cubeide_1.7.0/stm32cubeide/plugins/com.st.stm32cube.ide.mcu.externaltools.gnu-tools-for-stm32.9-2020-q2-update.win32_2.0.0.202105311346/tools/bin/../lib/gcc/arm-none-eabi/9.3.1/../../../../arm-none-eabi/lib/thumb/v7-m/nofp/crt0.o
LOAD ./Core/Src/I2C.o
LOAD ./Core/Src/UART.o
LOAD ./Core/Src/main.o
LOAD ./Core/Src/stm32f1xx_hal_msp.o
LOAD ./Core/Src/stm32f1xx_it.o
LOAD ./Core/Src/syscalls.o
LOAD ./Core/Src/sysmem.o
LOAD ./Core/Src/system_stm32f1xx.o
LOAD ./Core/Startup/startup_stm32f103rbtx.o
LOAD ./Drivers/STM32F1xx_HAL_Driver/Src/stm32f1xx_hal.o
LOAD ./Drivers/STM32F1xx_HAL_Driver/Src/stm32f1xx_hal_cortex.o
LOAD ./Drivers/STM32F1xx_HAL_Driver/Src/stm32f1xx_hal_dma.o
LOAD ./Drivers/STM32F1xx_HAL_Driver/Src/stm32f1xx_hal_exti.o
LOAD ./Drivers/STM32F1xx_HAL_Driver/Src/stm32f1xx_hal_flash.o
LOAD ./Drivers/STM32F1xx_HAL_Driver/Src/stm32f1xx_hal_flash_ex.o
LOAD ./Drivers/STM32F1xx_HAL_Driver/Src/stm32f1xx_hal_gpio.o
LOAD ./Drivers/STM32F1xx_HAL_Driver/Src/stm32f1xx_hal_gpio_ex.o
LOAD ./Drivers/STM32F1xx_HAL_Driver/Src/stm32f1xx_hal_i2c.o
LOAD ./Drivers/STM32F1xx_HAL_Driver/Src/stm32f1xx_hal_pwr.o
LOAD ./Drivers/STM32F1xx_HAL_Driver/Src/stm32f1xx_hal_rcc.o
LOAD ./Drivers/STM32F1xx_HAL_Driver/Src/stm32f1xx_hal_rcc_ex.o
LOAD ./Drivers/STM32F1xx_HAL_Driver/Src/stm32f1xx_hal_tim.o
LOAD ./Drivers/STM32F1xx_HAL_Driver/Src/stm32f1xx_hal_tim_ex.o
LOAD ./Drivers/STM32F1xx_HAL_Driver/Src/stm32f1xx_hal_uart.o
START GROUP
LOAD d:/app/stm32cubeide_1.7.0/stm32cubeide/plugins/com.st.stm32cube.ide.mcu.externaltools.gnu-tools-for-stm32.9-2020-q2-update.win32_2.0.0.202105311346/tools/bin/../lib/gcc/arm-none-eabi/9.3.1/../../../../arm-none-eabi/lib/thumb/v7-m/nofp\libc_nano.a
LOAD d:/app/stm32cubeide_1.7.0/stm32cubeide/plugins/com.st.stm32cube.ide.mcu.externaltools.gnu-tools-for-stm32.9-2020-q2-update.win32_2.0.0.202105311346/tools/bin/../lib/gcc/arm-none-eabi/9.3.1/../../../../arm-none-eabi/lib/thumb/v7-m/nofp\libm.a
END GROUP
START GROUP
LOAD d:/app/stm32cubeide_1.7.0/stm32cubeide/plugins/com.st.stm32cube.ide.mcu.externaltools.gnu-tools-for-stm32.9-2020-q2-update.win32_2.0.0.202105311346/tools/bin/../lib/gcc/arm-none-eabi/9.3.1/thumb/v7-m/nofp\libgcc.a
LOAD d:/app/stm32cubeide_1.7.0/stm32cubeide/plugins/com.st.stm32cube.ide.mcu.externaltools.gnu-tools-for-stm32.9-2020-q2-update.win32_2.0.0.202105311346/tools/bin/../lib/gcc/arm-none-eabi/9.3.1/../../../../arm-none-eabi/lib/thumb/v7-m/nofp\libc_nano.a
END GROUP
START GROUP
LOAD d:/app/stm32cubeide_1.7.0/stm32cubeide/plugins/com.st.stm32cube.ide.mcu.externaltools.gnu-tools-for-stm32.9-2020-q2-update.win32_2.0.0.202105311346/tools/bin/../lib/gcc/arm-none-eabi/9.3.1/thumb/v7-m/nofp\libgcc.a
LOAD d:/app/stm32cubeide_1.7.0/stm32cubeide/plugins/com.st.stm32cube.ide.mcu.externaltools.gnu-tools-for-stm32.9-2020-q2-update.win32_2.0.0.202105311346/tools/bin/../lib/gcc/arm-none-eabi/9.3.1/../../../../arm-none-eabi/lib/thumb/v7-m/nofp\libc_nano.a
LOAD d:/app/stm32cubeide_1.7.0/stm32cubeide/plugins/com.st.stm32cube.ide.mcu.externaltools.gnu-tools-for-stm32.9-2020-q2-update.win32_2.0.0.202105311346/tools/bin/../lib/gcc/arm-none-eabi/9.3.1/../../../../arm-none-eabi/lib/thumb/v7-m/nofp\libnosys.a
END GROUP
START GROUP
LOAD d:/app/stm32cubeide_1.7.0/stm32cubeide/plugins/com.st.stm32cube.ide.mcu.externaltools.gnu-tools-for-stm32.9-2020-q2-update.win32_2.0.0.202105311346/tools/bin/../lib/gcc/arm-none-eabi/9.3.1/thumb/v7-m/nofp\libgcc.a
LOAD d:/app/stm32cubeide_1.7.0/stm32cubeide/plugins/com.st.stm32cube.ide.mcu.externaltools.gnu-tools-for-stm32.9-2020-q2-update.win32_2.0.0.202105311346/tools/bin/../lib/gcc/arm-none-eabi/9.3.1/../../../../arm-none-eabi/lib/thumb/v7-m/nofp\libc_nano.a
LOAD d:/app/stm32cubeide_1.7.0/stm32cubeide/plugins/com.st.stm32cube.ide.mcu.externaltools.gnu-tools-for-stm32.9-2020-q2-update.win32_2.0.0.202105311346/tools/bin/../lib/gcc/arm-none-eabi/9.3.1/../../../../arm-none-eabi/lib/thumb/v7-m/nofp\libnosys.a
END GROUP
LOAD d:/app/stm32cubeide_1.7.0/stm32cubeide/plugins/com.st.stm32cube.ide.mcu.externaltools.gnu-tools-for-stm32.9-2020-q2-update.win32_2.0.0.202105311346/tools/bin/../lib/gcc/arm-none-eabi/9.3.1/thumb/v7-m/nofp/crtend.o
LOAD d:/app/stm32cubeide_1.7.0/stm32cubeide/plugins/com.st.stm32cube.ide.mcu.externaltools.gnu-tools-for-stm32.9-2020-q2-update.win32_2.0.0.202105311346/tools/bin/../lib/gcc/arm-none-eabi/9.3.1/thumb/v7-m/nofp/crtn.o
                0x0000000020005000                _estack = (ORIGIN (RAM) + LENGTH (RAM))
                0x0000000000000200                _Min_Heap_Size = 0x200
                0x0000000000000400                _Min_Stack_Size = 0x400

.isr_vector     0x0000000008000000      0x10c
                0x0000000008000000                . = ALIGN (0x4)
 *(.isr_vector)
 .isr_vector    0x0000000008000000      0x10c ./Core/Startup/startup_stm32f103rbtx.o
                0x0000000008000000                g_pfnVectors
                0x000000000800010c                . = ALIGN (0x4)

.text           0x000000000800010c     0x3d60
                0x000000000800010c                . = ALIGN (0x4)
 *(.text)
 .text          0x000000000800010c       0x40 d:/app/stm32cubeide_1.7.0/stm32cubeide/plugins/com.st.stm32cube.ide.mcu.externaltools.gnu-tools-for-stm32.9-2020-q2-update.win32_2.0.0.202105311346/tools/bin/../lib/gcc/arm-none-eabi/9.3.1/thumb/v7-m/nofp/crtbegin.o
 *(.text*)
 .text.SEND_DATA
                0x000000000800014c       0x28 ./Core/Src/UART.o
                0x000000000800014c                SEND_DATA
 .text.main     0x0000000008000174       0x50 ./Core/Src/main.o
                0x0000000008000174                main
 .text.SystemClock_Config
                0x00000000080001c4       0x82 ./Core/Src/main.o
                0x00000000080001c4                SystemClock_Config
 *fill*         0x0000000008000246        0x2 
 .text.MX_I2C2_Init
                0x0000000008000248       0x5c ./Core/Src/main.o
 .text.MX_USART2_UART_Init
                0x00000000080002a4       0x54 ./Core/Src/main.o
 .text.MX_GPIO_Init
                0x00000000080002f8      0x108 ./Core/Src/main.o
 .text.Error_Handler
                0x0000000008000400        0xa ./Core/Src/main.o
                0x0000000008000400                Error_Handler
 *fill*         0x000000000800040a        0x2 
 .text.HAL_MspInit
                0x000000000800040c       0x64 ./Core/Src/stm32f1xx_hal_msp.o
                0x000000000800040c                HAL_MspInit
 .text.HAL_I2C_MspInit
                0x0000000008000470       0xa0 ./Core/Src/stm32f1xx_hal_msp.o
                0x0000000008000470                HAL_I2C_MspInit
 .text.HAL_UART_MspInit
                0x0000000008000510       0x8c ./Core/Src/stm32f1xx_hal_msp.o
                0x0000000008000510                HAL_UART_MspInit
 .text.NMI_Handler
                0x000000000800059c        0x6 ./Core/Src/stm32f1xx_it.o
                0x000000000800059c                NMI_Handler
 .text.HardFault_Handler
                0x00000000080005a2        0x6 ./Core/Src/stm32f1xx_it.o
                0x00000000080005a2                HardFault_Handler
 .text.MemManage_Handler
                0x00000000080005a8        0x6 ./Core/Src/stm32f1xx_it.o
                0x00000000080005a8                MemManage_Handler
 .text.BusFault_Handler
                0x00000000080005ae        0x6 ./Core/Src/stm32f1xx_it.o
                0x00000000080005ae                BusFault_Handler
 .text.UsageFault_Handler
                0x00000000080005b4        0x6 ./Core/Src/stm32f1xx_it.o
                0x00000000080005b4                UsageFault_Handler
 .text.SVC_Handler
                0x00000000080005ba        0xc ./Core/Src/stm32f1xx_it.o
                0x00000000080005ba                SVC_Handler
 .text.DebugMon_Handler
                0x00000000080005c6        0xc ./Core/Src/stm32f1xx_it.o
                0x00000000080005c6                DebugMon_Handler
 .text.PendSV_Handler
                0x00000000080005d2        0xc ./Core/Src/stm32f1xx_it.o
                0x00000000080005d2                PendSV_Handler
 .text.SysTick_Handler
                0x00000000080005de        0xc ./Core/Src/stm32f1xx_it.o
                0x00000000080005de                SysTick_Handler
 *fill*         0x00000000080005ea        0x2 
 .text.I2C2_EV_IRQHandler
                0x00000000080005ec       0x14 ./Core/Src/stm32f1xx_it.o
                0x00000000080005ec                I2C2_EV_IRQHandler
 .text.I2C2_ER_IRQHandler
                0x0000000008000600       0x14 ./Core/Src/stm32f1xx_it.o
                0x0000000008000600                I2C2_ER_IRQHandler
 .text.USART2_IRQHandler
                0x0000000008000614       0x14 ./Core/Src/stm32f1xx_it.o
                0x0000000008000614                USART2_IRQHandler
 .text.EXTI15_10_IRQHandler
                0x0000000008000628       0x10 ./Core/Src/stm32f1xx_it.o
                0x0000000008000628                EXTI15_10_IRQHandler
 .text.SystemInit
                0x0000000008000638        0xc ./Core/Src/system_stm32f1xx.o
                0x0000000008000638                SystemInit
 .text.Reset_Handler
                0x0000000008000644       0x48 ./Core/Startup/startup_stm32f103rbtx.o
                0x0000000008000644                Reset_Handler
 .text.Default_Handler
                0x000000000800068c        0x2 ./Core/Startup/startup_stm32f103rbtx.o
                0x000000000800068c                RTC_Alarm_IRQHandler
                0x000000000800068c                EXTI2_IRQHandler
                0x000000000800068c                TIM1_CC_IRQHandler
                0x000000000800068c                PVD_IRQHandler
                0x000000000800068c                EXTI3_IRQHandler
                0x000000000800068c                EXTI0_IRQHandler
                0x000000000800068c                ADC1_2_IRQHandler
                0x000000000800068c                SPI1_IRQHandler
                0x000000000800068c                TAMPER_IRQHandler
                0x000000000800068c                DMA1_Channel4_IRQHandler
                0x000000000800068c                USART3_IRQHandler
                0x000000000800068c                RTC_IRQHandler
                0x000000000800068c                DMA1_Channel7_IRQHandler
                0x000000000800068c                CAN1_RX1_IRQHandler
                0x000000000800068c                TIM4_IRQHandler
                0x000000000800068c                I2C1_EV_IRQHandler
                0x000000000800068c                DMA1_Channel6_IRQHandler
                0x000000000800068c                TIM3_IRQHandler
                0x000000000800068c                RCC_IRQHandler
                0x000000000800068c                TIM1_TRG_COM_IRQHandler
                0x000000000800068c                DMA1_Channel1_IRQHandler
                0x000000000800068c                Default_Handler
                0x000000000800068c                EXTI9_5_IRQHandler
                0x000000000800068c                SPI2_IRQHandler
                0x000000000800068c                DMA1_Channel5_IRQHandler
                0x000000000800068c                EXTI4_IRQHandler
                0x000000000800068c                USB_LP_CAN1_RX0_IRQHandler
                0x000000000800068c                USB_HP_CAN1_TX_IRQHandler
                0x000000000800068c                DMA1_Channel3_IRQHandler
                0x000000000800068c                TIM1_UP_IRQHandler
                0x000000000800068c                WWDG_IRQHandler
                0x000000000800068c                TIM2_IRQHandler
                0x000000000800068c                TIM1_BRK_IRQHandler
                0x000000000800068c                EXTI1_IRQHandler
                0x000000000800068c                DMA1_Channel2_IRQHandler
                0x000000000800068c                CAN1_SCE_IRQHandler
                0x000000000800068c                FLASH_IRQHandler
                0x000000000800068c                USART1_IRQHandler
                0x000000000800068c                I2C1_ER_IRQHandler
                0x000000000800068c                USBWakeUp_IRQHandler
 *fill*         0x000000000800068e        0x2 
 .text.HAL_Init
                0x0000000008000690       0x2c ./Drivers/STM32F1xx_HAL_Driver/Src/stm32f1xx_hal.o
                0x0000000008000690                HAL_Init
 .text.HAL_InitTick
                0x00000000080006bc       0x60 ./Drivers/STM32F1xx_HAL_Driver/Src/stm32f1xx_hal.o
                0x00000000080006bc                HAL_InitTick
 .text.HAL_IncTick
                0x000000000800071c       0x24 ./Drivers/STM32F1xx_HAL_Driver/Src/stm32f1xx_hal.o
                0x000000000800071c                HAL_IncTick
 .text.HAL_GetTick
                0x0000000008000740       0x14 ./Drivers/STM32F1xx_HAL_Driver/Src/stm32f1xx_hal.o
                0x0000000008000740                HAL_GetTick
 .text.__NVIC_SetPriorityGrouping
                0x0000000008000754       0x48 ./Drivers/STM32F1xx_HAL_Driver/Src/stm32f1xx_hal_cortex.o
 .text.__NVIC_GetPriorityGrouping
                0x000000000800079c       0x1c ./Drivers/STM32F1xx_HAL_Driver/Src/stm32f1xx_hal_cortex.o
 .text.__NVIC_EnableIRQ
                0x00000000080007b8       0x38 ./Drivers/STM32F1xx_HAL_Driver/Src/stm32f1xx_hal_cortex.o
 .text.__NVIC_SetPriority
                0x00000000080007f0       0x54 ./Drivers/STM32F1xx_HAL_Driver/Src/stm32f1xx_hal_cortex.o
 .text.NVIC_EncodePriority
                0x0000000008000844       0x64 ./Drivers/STM32F1xx_HAL_Driver/Src/stm32f1xx_hal_cortex.o
 .text.SysTick_Config
                0x00000000080008a8       0x44 ./Drivers/STM32F1xx_HAL_Driver/Src/stm32f1xx_hal_cortex.o
 .text.HAL_NVIC_SetPriorityGrouping
                0x00000000080008ec       0x16 ./Drivers/STM32F1xx_HAL_Driver/Src/stm32f1xx_hal_cortex.o
                0x00000000080008ec                HAL_NVIC_SetPriorityGrouping
 .text.HAL_NVIC_SetPriority
                0x0000000008000902       0x38 ./Drivers/STM32F1xx_HAL_Driver/Src/stm32f1xx_hal_cortex.o
                0x0000000008000902                HAL_NVIC_SetPriority
 .text.HAL_NVIC_EnableIRQ
                0x000000000800093a       0x1c ./Drivers/STM32F1xx_HAL_Driver/Src/stm32f1xx_hal_cortex.o
                0x000000000800093a                HAL_NVIC_EnableIRQ
 .text.HAL_SYSTICK_Config
                0x0000000008000956       0x18 ./Drivers/STM32F1xx_HAL_Driver/Src/stm32f1xx_hal_cortex.o
                0x0000000008000956                HAL_SYSTICK_Config
 .text.HAL_DMA_Abort
                0x000000000800096e       0x76 ./Drivers/STM32F1xx_HAL_Driver/Src/stm32f1xx_hal_dma.o
                0x000000000800096e                HAL_DMA_Abort
 .text.HAL_DMA_Abort_IT
                0x00000000080009e4       0xf0 ./Drivers/STM32F1xx_HAL_Driver/Src/stm32f1xx_hal_dma.o
                0x00000000080009e4                HAL_DMA_Abort_IT
 .text.HAL_DMA_GetState
                0x0000000008000ad4       0x1a ./Drivers/STM32F1xx_HAL_Driver/Src/stm32f1xx_hal_dma.o
                0x0000000008000ad4                HAL_DMA_GetState
 *fill*         0x0000000008000aee        0x2 
 .text.HAL_GPIO_Init
                0x0000000008000af0      0x308 ./Drivers/STM32F1xx_HAL_Driver/Src/stm32f1xx_hal_gpio.o
                0x0000000008000af0                HAL_GPIO_Init
 .text.HAL_GPIO_WritePin
                0x0000000008000df8       0x30 ./Drivers/STM32F1xx_HAL_Driver/Src/stm32f1xx_hal_gpio.o
                0x0000000008000df8                HAL_GPIO_WritePin
 .text.HAL_GPIO_EXTI_IRQHandler
                0x0000000008000e28       0x30 ./Drivers/STM32F1xx_HAL_Driver/Src/stm32f1xx_hal_gpio.o
                0x0000000008000e28                HAL_GPIO_EXTI_IRQHandler
 .text.HAL_GPIO_EXTI_Callback
                0x0000000008000e58       0x14 ./Drivers/STM32F1xx_HAL_Driver/Src/stm32f1xx_hal_gpio.o
                0x0000000008000e58                HAL_GPIO_EXTI_Callback
 .text.HAL_I2C_Init
                0x0000000008000e6c      0x288 ./Drivers/STM32F1xx_HAL_Driver/Src/stm32f1xx_hal_i2c.o
                0x0000000008000e6c                HAL_I2C_Init
 .text.I2C_Flush_DR
                0x00000000080010f4       0x28 ./Drivers/STM32F1xx_HAL_Driver/Src/stm32f1xx_hal_i2c.o
 .text.HAL_I2C_EV_IRQHandler
                0x000000000800111c      0x2e2 ./Drivers/STM32F1xx_HAL_Driver/Src/stm32f1xx_hal_i2c.o
                0x000000000800111c                HAL_I2C_EV_IRQHandler
 .text.HAL_I2C_ER_IRQHandler
                0x00000000080013fe      0x15e ./Drivers/STM32F1xx_HAL_Driver/Src/stm32f1xx_hal_i2c.o
                0x00000000080013fe                HAL_I2C_ER_IRQHandler
 .text.HAL_I2C_MasterTxCpltCallback
                0x000000000800155c       0x12 ./Drivers/STM32F1xx_HAL_Driver/Src/stm32f1xx_hal_i2c.o
                0x000000000800155c                HAL_I2C_MasterTxCpltCallback
 .text.HAL_I2C_MasterRxCpltCallback
                0x000000000800156e       0x12 ./Drivers/STM32F1xx_HAL_Driver/Src/stm32f1xx_hal_i2c.o
                0x000000000800156e                HAL_I2C_MasterRxCpltCallback
 .text.HAL_I2C_SlaveTxCpltCallback
                0x0000000008001580       0x12 ./Drivers/STM32F1xx_HAL_Driver/Src/stm32f1xx_hal_i2c.o
                0x0000000008001580                HAL_I2C_SlaveTxCpltCallback
 .text.HAL_I2C_SlaveRxCpltCallback
                0x0000000008001592       0x12 ./Drivers/STM32F1xx_HAL_Driver/Src/stm32f1xx_hal_i2c.o
                0x0000000008001592                HAL_I2C_SlaveRxCpltCallback
 .text.HAL_I2C_AddrCallback
                0x00000000080015a4       0x1a ./Drivers/STM32F1xx_HAL_Driver/Src/stm32f1xx_hal_i2c.o
                0x00000000080015a4                HAL_I2C_AddrCallback
 .text.HAL_I2C_ListenCpltCallback
                0x00000000080015be       0x12 ./Drivers/STM32F1xx_HAL_Driver/Src/stm32f1xx_hal_i2c.o
                0x00000000080015be                HAL_I2C_ListenCpltCallback
 .text.HAL_I2C_MemTxCpltCallback
                0x00000000080015d0       0x12 ./Drivers/STM32F1xx_HAL_Driver/Src/stm32f1xx_hal_i2c.o
                0x00000000080015d0                HAL_I2C_MemTxCpltCallback
 .text.HAL_I2C_MemRxCpltCallback
                0x00000000080015e2       0x12 ./Drivers/STM32F1xx_HAL_Driver/Src/stm32f1xx_hal_i2c.o
                0x00000000080015e2                HAL_I2C_MemRxCpltCallback
 .text.HAL_I2C_ErrorCallback
                0x00000000080015f4       0x12 ./Drivers/STM32F1xx_HAL_Driver/Src/stm32f1xx_hal_i2c.o
                0x00000000080015f4                HAL_I2C_ErrorCallback
 .text.HAL_I2C_AbortCpltCallback
                0x0000000008001606       0x12 ./Drivers/STM32F1xx_HAL_Driver/Src/stm32f1xx_hal_i2c.o
                0x0000000008001606                HAL_I2C_AbortCpltCallback
 .text.I2C_MasterTransmit_TXE
                0x0000000008001618      0x138 ./Drivers/STM32F1xx_HAL_Driver/Src/stm32f1xx_hal_i2c.o
 .text.I2C_MasterTransmit_BTF
                0x0000000008001750       0xec ./Drivers/STM32F1xx_HAL_Driver/Src/stm32f1xx_hal_i2c.o
 .text.I2C_MemoryTransmit_TXE_BTF
                0x000000000800183c      0x130 ./Drivers/STM32F1xx_HAL_Driver/Src/stm32f1xx_hal_i2c.o
 .text.I2C_MasterReceive_RXNE
                0x000000000800196c      0x190 ./Drivers/STM32F1xx_HAL_Driver/Src/stm32f1xx_hal_i2c.o
 .text.I2C_MasterReceive_BTF
                0x0000000008001afc      0x1e2 ./Drivers/STM32F1xx_HAL_Driver/Src/stm32f1xx_hal_i2c.o
 .text.I2C_Master_SB
                0x0000000008001cde      0x10a ./Drivers/STM32F1xx_HAL_Driver/Src/stm32f1xx_hal_i2c.o
 .text.I2C_Master_ADD10
                0x0000000008001de8       0x52 ./Drivers/STM32F1xx_HAL_Driver/Src/stm32f1xx_hal_i2c.o
 .text.I2C_Master_ADDR
                0x0000000008001e3a      0x336 ./Drivers/STM32F1xx_HAL_Driver/Src/stm32f1xx_hal_i2c.o
 .text.I2C_SlaveTransmit_TXE
                0x0000000008002170       0x7a ./Drivers/STM32F1xx_HAL_Driver/Src/stm32f1xx_hal_i2c.o
 .text.I2C_SlaveTransmit_BTF
                0x00000000080021ea       0x40 ./Drivers/STM32F1xx_HAL_Driver/Src/stm32f1xx_hal_i2c.o
 .text.I2C_SlaveReceive_RXNE
                0x000000000800222a       0x7c ./Drivers/STM32F1xx_HAL_Driver/Src/stm32f1xx_hal_i2c.o
 .text.I2C_SlaveReceive_BTF
                0x00000000080022a6       0x42 ./Drivers/STM32F1xx_HAL_Driver/Src/stm32f1xx_hal_i2c.o
 .text.I2C_Slave_ADDR
                0x00000000080022e8       0x94 ./Drivers/STM32F1xx_HAL_Driver/Src/stm32f1xx_hal_i2c.o
 .text.I2C_Slave_STOPF
                0x000000000800237c      0x260 ./Drivers/STM32F1xx_HAL_Driver/Src/stm32f1xx_hal_i2c.o
 .text.I2C_Slave_AF
                0x00000000080025dc       0xe8 ./Drivers/STM32F1xx_HAL_Driver/Src/stm32f1xx_hal_i2c.o
 .text.I2C_ITError
                0x00000000080026c4      0x264 ./Drivers/STM32F1xx_HAL_Driver/Src/stm32f1xx_hal_i2c.o
 .text.I2C_DMAAbort
                0x0000000008002928      0x150 ./Drivers/STM32F1xx_HAL_Driver/Src/stm32f1xx_hal_i2c.o
 .text.I2C_WaitOnSTOPRequestThroughIT
                0x0000000008002a78       0x64 ./Drivers/STM32F1xx_HAL_Driver/Src/stm32f1xx_hal_i2c.o
 .text.I2C_ConvertOtherXferOptions
                0x0000000008002adc       0x34 ./Drivers/STM32F1xx_HAL_Driver/Src/stm32f1xx_hal_i2c.o
 .text.HAL_RCC_OscConfig
                0x0000000008002b10      0x500 ./Drivers/STM32F1xx_HAL_Driver/Src/stm32f1xx_hal_rcc.o
                0x0000000008002b10                HAL_RCC_OscConfig
 .text.HAL_RCC_ClockConfig
                0x0000000008003010      0x1d4 ./Drivers/STM32F1xx_HAL_Driver/Src/stm32f1xx_hal_rcc.o
                0x0000000008003010                HAL_RCC_ClockConfig
 .text.HAL_RCC_GetSysClockFreq
                0x00000000080031e4       0xa8 ./Drivers/STM32F1xx_HAL_Driver/Src/stm32f1xx_hal_rcc.o
                0x00000000080031e4                HAL_RCC_GetSysClockFreq
 .text.HAL_RCC_GetHCLKFreq
                0x000000000800328c       0x14 ./Drivers/STM32F1xx_HAL_Driver/Src/stm32f1xx_hal_rcc.o
                0x000000000800328c                HAL_RCC_GetHCLKFreq
 .text.HAL_RCC_GetPCLK1Freq
                0x00000000080032a0       0x28 ./Drivers/STM32F1xx_HAL_Driver/Src/stm32f1xx_hal_rcc.o
                0x00000000080032a0                HAL_RCC_GetPCLK1Freq
 .text.HAL_RCC_GetPCLK2Freq
                0x00000000080032c8       0x28 ./Drivers/STM32F1xx_HAL_Driver/Src/stm32f1xx_hal_rcc.o
                0x00000000080032c8                HAL_RCC_GetPCLK2Freq
 .text.RCC_Delay
                0x00000000080032f0       0x3c ./Drivers/STM32F1xx_HAL_Driver/Src/stm32f1xx_hal_rcc.o
 .text.HAL_UART_Init
                0x000000000800332c       0xa0 ./Drivers/STM32F1xx_HAL_Driver/Src/stm32f1xx_hal_uart.o
                0x000000000800332c                HAL_UART_Init
 .text.HAL_UART_Transmit_IT
                0x00000000080033cc       0x6a ./Drivers/STM32F1xx_HAL_Driver/Src/stm32f1xx_hal_uart.o
                0x00000000080033cc                HAL_UART_Transmit_IT
 *fill*         0x0000000008003436        0x2 
 .text.HAL_UART_IRQHandler
                0x0000000008003438      0x524 ./Drivers/STM32F1xx_HAL_Driver/Src/stm32f1xx_hal_uart.o
                0x0000000008003438                HAL_UART_IRQHandler
 .text.HAL_UART_TxCpltCallback
                0x000000000800395c       0x12 ./Drivers/STM32F1xx_HAL_Driver/Src/stm32f1xx_hal_uart.o
                0x000000000800395c                HAL_UART_TxCpltCallback
 .text.HAL_UART_RxCpltCallback
                0x000000000800396e       0x12 ./Drivers/STM32F1xx_HAL_Driver/Src/stm32f1xx_hal_uart.o
                0x000000000800396e                HAL_UART_RxCpltCallback
 .text.HAL_UART_ErrorCallback
                0x0000000008003980       0x12 ./Drivers/STM32F1xx_HAL_Driver/Src/stm32f1xx_hal_uart.o
                0x0000000008003980                HAL_UART_ErrorCallback
 .text.HAL_UARTEx_RxEventCallback
                0x0000000008003992       0x16 ./Drivers/STM32F1xx_HAL_Driver/Src/stm32f1xx_hal_uart.o
                0x0000000008003992                HAL_UARTEx_RxEventCallback
 .text.UART_EndRxTransfer
                0x00000000080039a8       0xc4 ./Drivers/STM32F1xx_HAL_Driver/Src/stm32f1xx_hal_uart.o
 .text.UART_DMAAbortOnError
                0x0000000008003a6c       0x28 ./Drivers/STM32F1xx_HAL_Driver/Src/stm32f1xx_hal_uart.o
 .text.UART_Transmit_IT
                0x0000000008003a94       0x9e ./Drivers/STM32F1xx_HAL_Driver/Src/stm32f1xx_hal_uart.o
 .text.UART_EndTransmit_IT
                0x0000000008003b32       0x30 ./Drivers/STM32F1xx_HAL_Driver/Src/stm32f1xx_hal_uart.o
 .text.UART_Receive_IT
                0x0000000008003b62      0x17c ./Drivers/STM32F1xx_HAL_Driver/Src/stm32f1xx_hal_uart.o
 *fill*         0x0000000008003cde        0x2 
 .text.UART_SetConfig
                0x0000000008003ce0      0x11c ./Drivers/STM32F1xx_HAL_Driver/Src/stm32f1xx_hal_uart.o
 .text.__libc_init_array
                0x0000000008003dfc       0x48 d:/app/stm32cubeide_1.7.0/stm32cubeide/plugins/com.st.stm32cube.ide.mcu.externaltools.gnu-tools-for-stm32.9-2020-q2-update.win32_2.0.0.202105311346/tools/bin/../lib/gcc/arm-none-eabi/9.3.1/../../../../arm-none-eabi/lib/thumb/v7-m/nofp\libc_nano.a(lib_a-init.o)
                0x0000000008003dfc                __libc_init_array
 .text.memset   0x0000000008003e44       0x10 d:/app/stm32cubeide_1.7.0/stm32cubeide/plugins/com.st.stm32cube.ide.mcu.externaltools.gnu-tools-for-stm32.9-2020-q2-update.win32_2.0.0.202105311346/tools/bin/../lib/gcc/arm-none-eabi/9.3.1/../../../../arm-none-eabi/lib/thumb/v7-m/nofp\libc_nano.a(lib_a-memset.o)
                0x0000000008003e44                memset
 *(.glue_7)
 .glue_7        0x0000000008003e54        0x0 linker stubs
 *(.glue_7t)
 .glue_7t       0x0000000008003e54        0x0 linker stubs
 *(.eh_frame)
 .eh_frame      0x0000000008003e54        0x0 d:/app/stm32cubeide_1.7.0/stm32cubeide/plugins/com.st.stm32cube.ide.mcu.externaltools.gnu-tools-for-stm32.9-2020-q2-update.win32_2.0.0.202105311346/tools/bin/../lib/gcc/arm-none-eabi/9.3.1/thumb/v7-m/nofp/crtbegin.o
 *(.init)
 .init          0x0000000008003e54        0x4 d:/app/stm32cubeide_1.7.0/stm32cubeide/plugins/com.st.stm32cube.ide.mcu.externaltools.gnu-tools-for-stm32.9-2020-q2-update.win32_2.0.0.202105311346/tools/bin/../lib/gcc/arm-none-eabi/9.3.1/thumb/v7-m/nofp/crti.o
                0x0000000008003e54                _init
 .init          0x0000000008003e58        0x8 d:/app/stm32cubeide_1.7.0/stm32cubeide/plugins/com.st.stm32cube.ide.mcu.externaltools.gnu-tools-for-stm32.9-2020-q2-update.win32_2.0.0.202105311346/tools/bin/../lib/gcc/arm-none-eabi/9.3.1/thumb/v7-m/nofp/crtn.o
 *(.fini)
 .fini          0x0000000008003e60        0x4 d:/app/stm32cubeide_1.7.0/stm32cubeide/plugins/com.st.stm32cube.ide.mcu.externaltools.gnu-tools-for-stm32.9-2020-q2-update.win32_2.0.0.202105311346/tools/bin/../lib/gcc/arm-none-eabi/9.3.1/thumb/v7-m/nofp/crti.o
                0x0000000008003e60                _fini
 .fini          0x0000000008003e64        0x8 d:/app/stm32cubeide_1.7.0/stm32cubeide/plugins/com.st.stm32cube.ide.mcu.externaltools.gnu-tools-for-stm32.9-2020-q2-update.win32_2.0.0.202105311346/tools/bin/../lib/gcc/arm-none-eabi/9.3.1/thumb/v7-m/nofp/crtn.o
                0x0000000008003e6c                . = ALIGN (0x4)
                0x0000000008003e6c                _etext = .

.vfp11_veneer   0x0000000008003e6c        0x0
 .vfp11_veneer  0x0000000008003e6c        0x0 linker stubs

.v4_bx          0x0000000008003e6c        0x0
 .v4_bx         0x0000000008003e6c        0x0 linker stubs

.iplt           0x0000000008003e6c        0x0
 .iplt          0x0000000008003e6c        0x0 d:/app/stm32cubeide_1.7.0/stm32cubeide/plugins/com.st.stm32cube.ide.mcu.externaltools.gnu-tools-for-stm32.9-2020-q2-update.win32_2.0.0.202105311346/tools/bin/../lib/gcc/arm-none-eabi/9.3.1/thumb/v7-m/nofp/crtbegin.o

.rodata         0x0000000008003e6c       0x60
                0x0000000008003e6c                . = ALIGN (0x4)
 *(.rodata)
 .rodata        0x0000000008003e6c       0x32 ./Core/Src/main.o
 *(.rodata*)
 *fill*         0x0000000008003e9e        0x2 
 .rodata.AHBPrescTable
                0x0000000008003ea0       0x10 ./Core/Src/system_stm32f1xx.o
                0x0000000008003ea0                AHBPrescTable
 .rodata.APBPrescTable
                0x0000000008003eb0        0x8 ./Core/Src/system_stm32f1xx.o
                0x0000000008003eb0                APBPrescTable
 .rodata.aPLLMULFactorTable.5914
                0x0000000008003eb8       0x10 ./Drivers/STM32F1xx_HAL_Driver/Src/stm32f1xx_hal_rcc.o
 .rodata.aPredivFactorTable.5915
                0x0000000008003ec8        0x2 ./Drivers/STM32F1xx_HAL_Driver/Src/stm32f1xx_hal_rcc.o
                0x0000000008003ecc                . = ALIGN (0x4)
 *fill*         0x0000000008003eca        0x2 

.rel.dyn        0x0000000008003ecc        0x0
 .rel.iplt      0x0000000008003ecc        0x0 d:/app/stm32cubeide_1.7.0/stm32cubeide/plugins/com.st.stm32cube.ide.mcu.externaltools.gnu-tools-for-stm32.9-2020-q2-update.win32_2.0.0.202105311346/tools/bin/../lib/gcc/arm-none-eabi/9.3.1/thumb/v7-m/nofp/crtbegin.o

.ARM.extab      0x0000000008003ecc        0x0
                0x0000000008003ecc                . = ALIGN (0x4)
 *(.ARM.extab* .gnu.linkonce.armextab.*)
                0x0000000008003ecc                . = ALIGN (0x4)

.ARM            0x0000000008003ecc        0x0
                0x0000000008003ecc                . = ALIGN (0x4)
                0x0000000008003ecc                __exidx_start = .
 *(.ARM.exidx*)
                0x0000000008003ecc                __exidx_end = .
                0x0000000008003ecc                . = ALIGN (0x4)

.preinit_array  0x0000000008003ecc        0x0
                0x0000000008003ecc                . = ALIGN (0x4)
                0x0000000008003ecc                PROVIDE (__preinit_array_start = .)
 *(.preinit_array*)
                0x0000000008003ecc                PROVIDE (__preinit_array_end = .)
                0x0000000008003ecc                . = ALIGN (0x4)

.init_array     0x0000000008003ecc        0x4
                0x0000000008003ecc                . = ALIGN (0x4)
                0x0000000008003ecc                PROVIDE (__init_array_start = .)
 *(SORT_BY_NAME(.init_array.*))
 *(.init_array*)
 .init_array    0x0000000008003ecc        0x4 d:/app/stm32cubeide_1.7.0/stm32cubeide/plugins/com.st.stm32cube.ide.mcu.externaltools.gnu-tools-for-stm32.9-2020-q2-update.win32_2.0.0.202105311346/tools/bin/../lib/gcc/arm-none-eabi/9.3.1/thumb/v7-m/nofp/crtbegin.o
                0x0000000008003ed0                PROVIDE (__init_array_end = .)
                0x0000000008003ed0                . = ALIGN (0x4)

.fini_array     0x0000000008003ed0        0x4
                0x0000000008003ed0                . = ALIGN (0x4)
                [!provide]                        PROVIDE (__fini_array_start = .)
 *(SORT_BY_NAME(.fini_array.*))
 *(.fini_array*)
 .fini_array    0x0000000008003ed0        0x4 d:/app/stm32cubeide_1.7.0/stm32cubeide/plugins/com.st.stm32cube.ide.mcu.externaltools.gnu-tools-for-stm32.9-2020-q2-update.win32_2.0.0.202105311346/tools/bin/../lib/gcc/arm-none-eabi/9.3.1/thumb/v7-m/nofp/crtbegin.o
                [!provide]                        PROVIDE (__fini_array_end = .)
                0x0000000008003ed4                . = ALIGN (0x4)
                0x0000000008003ed4                _sidata = LOADADDR (.data)

.data           0x0000000020000000        0xc load address 0x0000000008003ed4
                0x0000000020000000                . = ALIGN (0x4)
                0x0000000020000000                _sdata = .
 *(.data)
 *(.data*)
 .data.SystemCoreClock
                0x0000000020000000        0x4 ./Core/Src/system_stm32f1xx.o
                0x0000000020000000                SystemCoreClock
 .data.uwTickPrio
                0x0000000020000004        0x4 ./Drivers/STM32F1xx_HAL_Driver/Src/stm32f1xx_hal.o
                0x0000000020000004                uwTickPrio
 .data.uwTickFreq
                0x0000000020000008        0x1 ./Drivers/STM32F1xx_HAL_Driver/Src/stm32f1xx_hal.o
                0x0000000020000008                uwTickFreq
 *(.RamFunc)
 *(.RamFunc*)
                0x000000002000000c                . = ALIGN (0x4)
 *fill*         0x0000000020000009        0x3 
                0x000000002000000c                _edata = .

.igot.plt       0x000000002000000c        0x0 load address 0x0000000008003ee0
 .igot.plt      0x000000002000000c        0x0 d:/app/stm32cubeide_1.7.0/stm32cubeide/plugins/com.st.stm32cube.ide.mcu.externaltools.gnu-tools-for-stm32.9-2020-q2-update.win32_2.0.0.202105311346/tools/bin/../lib/gcc/arm-none-eabi/9.3.1/thumb/v7-m/nofp/crtbegin.o
                0x000000002000000c                . = ALIGN (0x4)

.bss            0x000000002000000c       0xbc load address 0x0000000008003ee0
                0x000000002000000c                _sbss = .
                0x000000002000000c                __bss_start__ = _sbss
 *(.bss)
 .bss           0x000000002000000c       0x1c d:/app/stm32cubeide_1.7.0/stm32cubeide/plugins/com.st.stm32cube.ide.mcu.externaltools.gnu-tools-for-stm32.9-2020-q2-update.win32_2.0.0.202105311346/tools/bin/../lib/gcc/arm-none-eabi/9.3.1/thumb/v7-m/nofp/crtbegin.o
 *(.bss*)
 *(COMMON)
 COMMON         0x0000000020000028       0x9c ./Core/Src/main.o
                0x0000000020000028                hi2c2
                0x000000002000007c                huart2
 COMMON         0x00000000200000c4        0x4 ./Drivers/STM32F1xx_HAL_Driver/Src/stm32f1xx_hal.o
                0x00000000200000c4                uwTick
                0x00000000200000c8                . = ALIGN (0x4)
                0x00000000200000c8                _ebss = .
                0x00000000200000c8                __bss_end__ = _ebss

._user_heap_stack
                0x00000000200000c8      0x600 load address 0x0000000008003ee0
                0x00000000200000c8                . = ALIGN (0x8)
                [!provide]                        PROVIDE (end = .)
                0x00000000200000c8                PROVIDE (_end = .)
                0x00000000200002c8                . = (. + _Min_Heap_Size)
 *fill*         0x00000000200000c8      0x200 
                0x00000000200006c8                . = (. + _Min_Stack_Size)
 *fill*         0x00000000200002c8      0x400 
                0x00000000200006c8                . = ALIGN (0x8)

/DISCARD/
 libc.a(*)
 libm.a(*)
 libgcc.a(*)

.ARM.attributes
                0x0000000000000000       0x29
 *(.ARM.attributes)
 .ARM.attributes
                0x0000000000000000       0x1d d:/app/stm32cubeide_1.7.0/stm32cubeide/plugins/com.st.stm32cube.ide.mcu.externaltools.gnu-tools-for-stm32.9-2020-q2-update.win32_2.0.0.202105311346/tools/bin/../lib/gcc/arm-none-eabi/9.3.1/thumb/v7-m/nofp/crti.o
 .ARM.attributes
                0x000000000000001d       0x2d d:/app/stm32cubeide_1.7.0/stm32cubeide/plugins/com.st.stm32cube.ide.mcu.externaltools.gnu-tools-for-stm32.9-2020-q2-update.win32_2.0.0.202105311346/tools/bin/../lib/gcc/arm-none-eabi/9.3.1/thumb/v7-m/nofp/crtbegin.o
 .ARM.attributes
                0x000000000000004a       0x2d ./Core/Src/UART.o
 .ARM.attributes
                0x0000000000000077       0x2d ./Core/Src/main.o
 .ARM.attributes
                0x00000000000000a4       0x2d ./Core/Src/stm32f1xx_hal_msp.o
 .ARM.attributes
                0x00000000000000d1       0x2d ./Core/Src/stm32f1xx_it.o
 .ARM.attributes
                0x00000000000000fe       0x2d ./Core/Src/system_stm32f1xx.o
 .ARM.attributes
                0x000000000000012b       0x21 ./Core/Startup/startup_stm32f103rbtx.o
 .ARM.attributes
                0x000000000000014c       0x2d ./Drivers/STM32F1xx_HAL_Driver/Src/stm32f1xx_hal.o
 .ARM.attributes
                0x0000000000000179       0x2d ./Drivers/STM32F1xx_HAL_Driver/Src/stm32f1xx_hal_cortex.o
 .ARM.attributes
                0x00000000000001a6       0x2d ./Drivers/STM32F1xx_HAL_Driver/Src/stm32f1xx_hal_dma.o
 .ARM.attributes
                0x00000000000001d3       0x2d ./Drivers/STM32F1xx_HAL_Driver/Src/stm32f1xx_hal_gpio.o
 .ARM.attributes
                0x0000000000000200       0x2d ./Drivers/STM32F1xx_HAL_Driver/Src/stm32f1xx_hal_i2c.o
 .ARM.attributes
                0x000000000000022d       0x2d ./Drivers/STM32F1xx_HAL_Driver/Src/stm32f1xx_hal_rcc.o
 .ARM.attributes
                0x000000000000025a       0x2d ./Drivers/STM32F1xx_HAL_Driver/Src/stm32f1xx_hal_uart.o
 .ARM.attributes
                0x0000000000000287       0x2d d:/app/stm32cubeide_1.7.0/stm32cubeide/plugins/com.st.stm32cube.ide.mcu.externaltools.gnu-tools-for-stm32.9-2020-q2-update.win32_2.0.0.202105311346/tools/bin/../lib/gcc/arm-none-eabi/9.3.1/../../../../arm-none-eabi/lib/thumb/v7-m/nofp\libc_nano.a(lib_a-init.o)
 .ARM.attributes
                0x00000000000002b4       0x2d d:/app/stm32cubeide_1.7.0/stm32cubeide/plugins/com.st.stm32cube.ide.mcu.externaltools.gnu-tools-for-stm32.9-2020-q2-update.win32_2.0.0.202105311346/tools/bin/../lib/gcc/arm-none-eabi/9.3.1/../../../../arm-none-eabi/lib/thumb/v7-m/nofp\libc_nano.a(lib_a-memset.o)
 .ARM.attributes
                0x00000000000002e1       0x1d d:/app/stm32cubeide_1.7.0/stm32cubeide/plugins/com.st.stm32cube.ide.mcu.externaltools.gnu-tools-for-stm32.9-2020-q2-update.win32_2.0.0.202105311346/tools/bin/../lib/gcc/arm-none-eabi/9.3.1/thumb/v7-m/nofp/crtn.o
OUTPUT(TEST.elf elf32-littlearm)
LOAD linker stubs
LOAD d:/app/stm32cubeide_1.7.0/stm32cubeide/plugins/com.st.stm32cube.ide.mcu.externaltools.gnu-tools-for-stm32.9-2020-q2-update.win32_2.0.0.202105311346/tools/bin/../lib/gcc/arm-none-eabi/9.3.1/../../../../arm-none-eabi/lib/thumb/v7-m/nofp\libc.a
LOAD d:/app/stm32cubeide_1.7.0/stm32cubeide/plugins/com.st.stm32cube.ide.mcu.externaltools.gnu-tools-for-stm32.9-2020-q2-update.win32_2.0.0.202105311346/tools/bin/../lib/gcc/arm-none-eabi/9.3.1/../../../../arm-none-eabi/lib/thumb/v7-m/nofp\libm.a
LOAD d:/app/stm32cubeide_1.7.0/stm32cubeide/plugins/com.st.stm32cube.ide.mcu.externaltools.gnu-tools-for-stm32.9-2020-q2-update.win32_2.0.0.202105311346/tools/bin/../lib/gcc/arm-none-eabi/9.3.1/thumb/v7-m/nofp\libgcc.a

.debug_info     0x0000000000000000     0xb32b
 .debug_info    0x0000000000000000      0x6ad ./Core/Src/UART.o
 .debug_info    0x00000000000006ad      0xe52 ./Core/Src/main.o
 .debug_info    0x00000000000014ff      0xd84 ./Core/Src/stm32f1xx_hal_msp.o
 .debug_info    0x0000000000002283      0x9d1 ./Core/Src/stm32f1xx_it.o
 .debug_info    0x0000000000002c54      0x2be ./Core/Src/system_stm32f1xx.o
 .debug_info    0x0000000000002f12       0x22 ./Core/Startup/startup_stm32f103rbtx.o
 .debug_info    0x0000000000002f34      0x76a ./Drivers/STM32F1xx_HAL_Driver/Src/stm32f1xx_hal.o
 .debug_info    0x000000000000369e      0xbdc ./Drivers/STM32F1xx_HAL_Driver/Src/stm32f1xx_hal_cortex.o
 .debug_info    0x000000000000427a      0x823 ./Drivers/STM32F1xx_HAL_Driver/Src/stm32f1xx_hal_dma.o
 .debug_info    0x0000000000004a9d      0x701 ./Drivers/STM32F1xx_HAL_Driver/Src/stm32f1xx_hal_gpio.o
 .debug_info    0x000000000000519e     0x27cb ./Drivers/STM32F1xx_HAL_Driver/Src/stm32f1xx_hal_i2c.o
 .debug_info    0x0000000000007969      0x893 ./Drivers/STM32F1xx_HAL_Driver/Src/stm32f1xx_hal_rcc.o
 .debug_info    0x00000000000081fc     0x312f ./Drivers/STM32F1xx_HAL_Driver/Src/stm32f1xx_hal_uart.o

.debug_abbrev   0x0000000000000000     0x1915
 .debug_abbrev  0x0000000000000000      0x17c ./Core/Src/UART.o
 .debug_abbrev  0x000000000000017c      0x22b ./Core/Src/main.o
 .debug_abbrev  0x00000000000003a7      0x1b5 ./Core/Src/stm32f1xx_hal_msp.o
 .debug_abbrev  0x000000000000055c      0x163 ./Core/Src/stm32f1xx_it.o
 .debug_abbrev  0x00000000000006bf      0x14e ./Core/Src/system_stm32f1xx.o
 .debug_abbrev  0x000000000000080d       0x12 ./Core/Startup/startup_stm32f103rbtx.o
 .debug_abbrev  0x000000000000081f      0x1ed ./Drivers/STM32F1xx_HAL_Driver/Src/stm32f1xx_hal.o
 .debug_abbrev  0x0000000000000a0c      0x313 ./Drivers/STM32F1xx_HAL_Driver/Src/stm32f1xx_hal_cortex.o
 .debug_abbrev  0x0000000000000d1f      0x228 ./Drivers/STM32F1xx_HAL_Driver/Src/stm32f1xx_hal_dma.o
 .debug_abbrev  0x0000000000000f47      0x1e8 ./Drivers/STM32F1xx_HAL_Driver/Src/stm32f1xx_hal_gpio.o
 .debug_abbrev  0x000000000000112f      0x288 ./Drivers/STM32F1xx_HAL_Driver/Src/stm32f1xx_hal_i2c.o
 .debug_abbrev  0x00000000000013b7      0x273 ./Drivers/STM32F1xx_HAL_Driver/Src/stm32f1xx_hal_rcc.o
 .debug_abbrev  0x000000000000162a      0x2eb ./Drivers/STM32F1xx_HAL_Driver/Src/stm32f1xx_hal_uart.o

.debug_aranges  0x0000000000000000      0x970
 .debug_aranges
                0x0000000000000000       0x20 ./Core/Src/UART.o
 .debug_aranges
                0x0000000000000020       0x48 ./Core/Src/main.o
 .debug_aranges
                0x0000000000000068       0x40 ./Core/Src/stm32f1xx_hal_msp.o
 .debug_aranges
                0x00000000000000a8       0x80 ./Core/Src/stm32f1xx_it.o
 .debug_aranges
                0x0000000000000128       0x28 ./Core/Src/system_stm32f1xx.o
 .debug_aranges
                0x0000000000000150       0x28 ./Core/Startup/startup_stm32f103rbtx.o
 .debug_aranges
                0x0000000000000178       0xe0 ./Drivers/STM32F1xx_HAL_Driver/Src/stm32f1xx_hal.o
 .debug_aranges
                0x0000000000000258      0x100 ./Drivers/STM32F1xx_HAL_Driver/Src/stm32f1xx_hal_cortex.o
 .debug_aranges
                0x0000000000000358       0x80 ./Drivers/STM32F1xx_HAL_Driver/Src/stm32f1xx_hal_dma.o
 .debug_aranges
                0x00000000000003d8       0x58 ./Drivers/STM32F1xx_HAL_Driver/Src/stm32f1xx_hal_gpio.o
 .debug_aranges
                0x0000000000000430      0x2a8 ./Drivers/STM32F1xx_HAL_Driver/Src/stm32f1xx_hal_i2c.o
 .debug_aranges
                0x00000000000006d8       0x90 ./Drivers/STM32F1xx_HAL_Driver/Src/stm32f1xx_hal_rcc.o
 .debug_aranges
                0x0000000000000768      0x208 ./Drivers/STM32F1xx_HAL_Driver/Src/stm32f1xx_hal_uart.o

.debug_ranges   0x0000000000000000      0x8f0
 .debug_ranges  0x0000000000000000       0x10 ./Core/Src/UART.o
 .debug_ranges  0x0000000000000010       0x38 ./Core/Src/main.o
 .debug_ranges  0x0000000000000048       0x30 ./Core/Src/stm32f1xx_hal_msp.o
 .debug_ranges  0x0000000000000078       0x70 ./Core/Src/stm32f1xx_it.o
 .debug_ranges  0x00000000000000e8       0x18 ./Core/Src/system_stm32f1xx.o
 .debug_ranges  0x0000000000000100       0x20 ./Core/Startup/startup_stm32f103rbtx.o
 .debug_ranges  0x0000000000000120       0xd0 ./Drivers/STM32F1xx_HAL_Driver/Src/stm32f1xx_hal.o
 .debug_ranges  0x00000000000001f0       0xf0 ./Drivers/STM32F1xx_HAL_Driver/Src/stm32f1xx_hal_cortex.o
 .debug_ranges  0x00000000000002e0       0x70 ./Drivers/STM32F1xx_HAL_Driver/Src/stm32f1xx_hal_dma.o
 .debug_ranges  0x0000000000000350       0x48 ./Drivers/STM32F1xx_HAL_Driver/Src/stm32f1xx_hal_gpio.o
 .debug_ranges  0x0000000000000398      0x2b0 ./Drivers/STM32F1xx_HAL_Driver/Src/stm32f1xx_hal_i2c.o
 .debug_ranges  0x0000000000000648       0x80 ./Drivers/STM32F1xx_HAL_Driver/Src/stm32f1xx_hal_rcc.o
 .debug_ranges  0x00000000000006c8      0x228 ./Drivers/STM32F1xx_HAL_Driver/Src/stm32f1xx_hal_uart.o

.debug_macro    0x0000000000000000     0x148d
 .debug_macro   0x0000000000000000      0x1b7 ./Core/Src/UART.o
 .debug_macro   0x00000000000001b7      0x1be ./Core/Src/main.o
 .debug_macro   0x0000000000000375       0x10 ./Core/Src/main.o
 .debug_macro   0x0000000000000385      0x1a7 ./Core/Src/stm32f1xx_hal_msp.o
 .debug_macro   0x000000000000052c      0x1b1 ./Core/Src/stm32f1xx_it.o
 .debug_macro   0x00000000000006dd      0x198 ./Core/Src/system_stm32f1xx.o
 .debug_macro   0x0000000000000875      0x1bc ./Drivers/STM32F1xx_HAL_Driver/Src/stm32f1xx_hal.o
 .debug_macro   0x0000000000000a31      0x198 ./Drivers/STM32F1xx_HAL_Driver/Src/stm32f1xx_hal_cortex.o
 .debug_macro   0x0000000000000bc9      0x198 ./Drivers/STM32F1xx_HAL_Driver/Src/stm32f1xx_hal_dma.o
 .debug_macro   0x0000000000000d61      0x203 ./Drivers/STM32F1xx_HAL_Driver/Src/stm32f1xx_hal_gpio.o
 .debug_macro   0x0000000000000f64      0x1e6 ./Drivers/STM32F1xx_HAL_Driver/Src/stm32f1xx_hal_i2c.o
 .debug_macro   0x000000000000114a      0x1aa ./Drivers/STM32F1xx_HAL_Driver/Src/stm32f1xx_hal_rcc.o
 .debug_macro   0x00000000000012f4      0x199 ./Drivers/STM32F1xx_HAL_Driver/Src/stm32f1xx_hal_uart.o

.debug_line     0x0000000000000000     0xbecc
 .debug_line    0x0000000000000000      0x66f ./Core/Src/UART.o
 .debug_line    0x000000000000066f      0x7a4 ./Core/Src/main.o
 .debug_line    0x0000000000000e13      0x704 ./Core/Src/stm32f1xx_hal_msp.o
 .debug_line    0x0000000000001517      0x789 ./Core/Src/stm32f1xx_it.o
 .debug_line    0x0000000000001ca0      0x6e5 ./Core/Src/system_stm32f1xx.o
 .debug_line    0x0000000000002385       0x86 ./Core/Startup/startup_stm32f103rbtx.o
 .debug_line    0x000000000000240b      0x912 ./Drivers/STM32F1xx_HAL_Driver/Src/stm32f1xx_hal.o
 .debug_line    0x0000000000002d1d      0xafa ./Drivers/STM32F1xx_HAL_Driver/Src/stm32f1xx_hal_cortex.o
 .debug_line    0x0000000000003817      0xd6b ./Drivers/STM32F1xx_HAL_Driver/Src/stm32f1xx_hal_dma.o
 .debug_line    0x0000000000004582      0x9ab ./Drivers/STM32F1xx_HAL_Driver/Src/stm32f1xx_hal_gpio.o
 .debug_line    0x0000000000004f2d     0x3aa8 ./Drivers/STM32F1xx_HAL_Driver/Src/stm32f1xx_hal_i2c.o
 .debug_line    0x00000000000089d5      0xd1e ./Drivers/STM32F1xx_HAL_Driver/Src/stm32f1xx_hal_rcc.o
 .debug_line    0x00000000000096f3     0x27d9 ./Drivers/STM32F1xx_HAL_Driver/Src/stm32f1xx_hal_uart.o

.debug_str      0x0000000000000000    0x80d75
 .debug_str     0x0000000000000000    0x7e4f2 ./Core/Src/UART.o
                                      0x7e882 (size before relaxing)
 .debug_str     0x000000000007e4f2      0x6b8 ./Core/Src/main.o
                                      0x7efd2 (size before relaxing)
 .debug_str     0x000000000007ebaa       0xab ./Core/Src/stm32f1xx_hal_msp.o
                                      0x7ee7a (size before relaxing)
 .debug_str     0x000000000007ec55      0x10a ./Core/Src/stm32f1xx_it.o
                                      0x7eb88 (size before relaxing)
 .debug_str     0x000000000007ed5f       0x52 ./Core/Src/system_stm32f1xx.o
                                      0x7e313 (size before relaxing)
 .debug_str     0x000000000007edb1       0x67 ./Core/Startup/startup_stm32f103rbtx.o
 .debug_str     0x000000000007ee18      0x304 ./Drivers/STM32F1xx_HAL_Driver/Src/stm32f1xx_hal.o
                                      0x7e9a4 (size before relaxing)
 .debug_str     0x000000000007f11c      0x300 ./Drivers/STM32F1xx_HAL_Driver/Src/stm32f1xx_hal_cortex.o
                                      0x7e9ac (size before relaxing)
 .debug_str     0x000000000007f41c      0x23a ./Drivers/STM32F1xx_HAL_Driver/Src/stm32f1xx_hal_dma.o
                                      0x7e6ee (size before relaxing)
 .debug_str     0x000000000007f656      0x31f ./Drivers/STM32F1xx_HAL_Driver/Src/stm32f1xx_hal_gpio.o
                                      0x7e6d7 (size before relaxing)
 .debug_str     0x000000000007f975      0xba0 ./Drivers/STM32F1xx_HAL_Driver/Src/stm32f1xx_hal_i2c.o
                                      0x7f3a2 (size before relaxing)
 .debug_str     0x0000000000080515      0x244 ./Drivers/STM32F1xx_HAL_Driver/Src/stm32f1xx_hal_rcc.o
                                      0x7e710 (size before relaxing)
 .debug_str     0x0000000000080759      0x61c ./Drivers/STM32F1xx_HAL_Driver/Src/stm32f1xx_hal_uart.o
                                      0x7ed68 (size before relaxing)

.comment        0x0000000000000000       0x53
 .comment       0x0000000000000000       0x53 ./Core/Src/UART.o
                                         0x54 (size before relaxing)
 .comment       0x0000000000000053       0x54 ./Core/Src/main.o
 .comment       0x0000000000000053       0x54 ./Core/Src/stm32f1xx_hal_msp.o
 .comment       0x0000000000000053       0x54 ./Core/Src/stm32f1xx_it.o
 .comment       0x0000000000000053       0x54 ./Core/Src/system_stm32f1xx.o
 .comment       0x0000000000000053       0x54 ./Drivers/STM32F1xx_HAL_Driver/Src/stm32f1xx_hal.o
 .comment       0x0000000000000053       0x54 ./Drivers/STM32F1xx_HAL_Driver/Src/stm32f1xx_hal_cortex.o
 .comment       0x0000000000000053       0x54 ./Drivers/STM32F1xx_HAL_Driver/Src/stm32f1xx_hal_dma.o
 .comment       0x0000000000000053       0x54 ./Drivers/STM32F1xx_HAL_Driver/Src/stm32f1xx_hal_gpio.o
 .comment       0x0000000000000053       0x54 ./Drivers/STM32F1xx_HAL_Driver/Src/stm32f1xx_hal_i2c.o
 .comment       0x0000000000000053       0x54 ./Drivers/STM32F1xx_HAL_Driver/Src/stm32f1xx_hal_rcc.o
 .comment       0x0000000000000053       0x54 ./Drivers/STM32F1xx_HAL_Driver/Src/stm32f1xx_hal_uart.o

.debug_frame    0x0000000000000000     0x266c
 .debug_frame   0x0000000000000000       0x34 ./Core/Src/UART.o
 .debug_frame   0x0000000000000034       0xc8 ./Core/Src/main.o
 .debug_frame   0x00000000000000fc       0xc8 ./Core/Src/stm32f1xx_hal_msp.o
 .debug_frame   0x00000000000001c4      0x174 ./Core/Src/stm32f1xx_it.o
 .debug_frame   0x0000000000000338       0x58 ./Core/Src/system_stm32f1xx.o
 .debug_frame   0x0000000000000390      0x334 ./Drivers/STM32F1xx_HAL_Driver/Src/stm32f1xx_hal.o
 .debug_frame   0x00000000000006c4      0x428 ./Drivers/STM32F1xx_HAL_Driver/Src/stm32f1xx_hal_cortex.o
 .debug_frame   0x0000000000000aec      0x208 ./Drivers/STM32F1xx_HAL_Driver/Src/stm32f1xx_hal_dma.o
 .debug_frame   0x0000000000000cf4      0x14c ./Drivers/STM32F1xx_HAL_Driver/Src/stm32f1xx_hal_gpio.o
 .debug_frame   0x0000000000000e40      0xc84 ./Drivers/STM32F1xx_HAL_Driver/Src/stm32f1xx_hal_i2c.o
 .debug_frame   0x0000000000001ac4      0x218 ./Drivers/STM32F1xx_HAL_Driver/Src/stm32f1xx_hal_rcc.o
 .debug_frame   0x0000000000001cdc      0x944 ./Drivers/STM32F1xx_HAL_Driver/Src/stm32f1xx_hal_uart.o
 .debug_frame   0x0000000000002620       0x2c d:/app/stm32cubeide_1.7.0/stm32cubeide/plugins/com.st.stm32cube.ide.mcu.externaltools.gnu-tools-for-stm32.9-2020-q2-update.win32_2.0.0.202105311346/tools/bin/../lib/gcc/arm-none-eabi/9.3.1/../../../../arm-none-eabi/lib/thumb/v7-m/nofp\libc_nano.a(lib_a-init.o)
 .debug_frame   0x000000000000264c       0x20 d:/app/stm32cubeide_1.7.0/stm32cubeide/plugins/com.st.stm32cube.ide.mcu.externaltools.gnu-tools-for-stm32.9-2020-q2-update.win32_2.0.0.202105311346/tools/bin/../lib/gcc/arm-none-eabi/9.3.1/../../../../arm-none-eabi/lib/thumb/v7-m/nofp\libc_nano.a(lib_a-memset.o)
